179.156.139.192 - - [24/Aug/2014:19:26:29 -0400] "GET /eco/wp-admin/load-scripts.php?c=0&load%5B%5D=hoverIntent,common,admin-bar,thickbox,underscore,backbone,wp-util,wp-backbone,theme,customize-base,customize-loader,svg-painter,&load%5B%5D=heartbeat,wp-auth-check&ver=3.9.2 HTTP/1.1" 200 33667 "http://vpswp.matheusgimenez.com/eco/wp-admin/themes.php" "Mozilla/5.0 (X11; Linux x86_64) AppleWebKit/537.36 (KHTML, like Gecko) Ubuntu Chromium/34.0.1847.116 Chrome/34.0.1847.116 Safari/537.36"
179.156.139.192 - - [24/Aug/2014:19:26:29 -0400] "GET /eco/wp-content/themes/shandora1.0/screenshot.png HTTP/1.1" 200 43768 "http://vpswp.matheusgimenez.com/eco/wp-admin/themes.php" "Mozilla/5.0 (X11; Linux x86_64) AppleWebKit/537.36 (KHTML, like Gecko) Ubuntu Chromium/34.0.1847.116 Chrome/34.0.1847.116 Safari/537.36"
179.156.139.192 - - [24/Aug/2014:19:26:29 -0400] "GET /eco/wp-content/themes/shandora/screenshot.png HTTP/1.1" 200 82868 "http://vpswp.matheusgimenez.com/eco/wp-admin/themes.php" "Mozilla/5.0 (X11; Linux x86_64) AppleWebKit/537.36 (KHTML, like Gecko) Ubuntu Chromium/34.0.1847.116 Chrome/34.0.1847.116 Safari/537.36"
179.156.139.192 - - [24/Aug/2014:19:26:29 -0400] "GET /eco/wp-content/themes/twentythirteen/screenshot.png HTTP/1.1" 200 78061 "http://vpswp.matheusgimenez.com/eco/wp-admin/themes.php" "Mozilla/5.0 (X11; Linux x86_64) AppleWebKit/537.36 (KHTML, like Gecko) Ubuntu Chromium/34.0.1847.116 Chrome/34.0.1847.116 Safari/537.36"
179.156.139.192 - - [24/Aug/2014:19:26:29 -0400] "GET /eco/wp-content/themes/twentytwelve/screenshot.png HTTP/1.1" 200 323786 "http://vpswp.matheusgimenez.com/eco/wp-admin/themes.php" "Mozilla/5.0 (X11; Linux x86_64) AppleWebKit/537.36 (KHTML, like Gecko) Ubuntu Chromium/34.0.1847.116 Chrome/34.0.1847.116 Safari/537.36"
179.156.139.192 - - [24/Aug/2014:19:26:29 -0400] "GET /eco/wp-content/themes/twentyfourteen/screenshot.png HTTP/1.1" 200 617542 "http://vpswp.matheusgimenez.com/eco/wp-admin/themes.php" "Mozilla/5.0 (X11; Linux x86_64) AppleWebKit/537.36 (KHTML, like Gecko) Ubuntu Chromium/34.0.1847.116 Chrome/34.0.1847.116 Safari/537.36"
::1 - - [24/Aug/2014:19:26:36 -0400] "OPTIONS * HTTP/1.0" 200 125 "-" "Apache/2.4.7 (Ubuntu) PHP/5.5.9-1ubuntu4.3 (internal dummy connection)"
179.156.139.192 - - [24/Aug/2014:19:26:36 -0400] "GET /eco/wp-admin/themes.php?action=activate&stylesheet=shandora1.0&_wpnonce=1dae02e456 HTTP/1.1" 302 448 "http://vpswp.matheusgimenez.com/eco/wp-admin/themes.php" "Mozilla/5.0 (X11; Linux x86_64) AppleWebKit/537.36 (KHTML, like Gecko) Ubuntu Chromium/34.0.1847.116 Chrome/34.0.1847.116 Safari/537.36"
179.156.139.192 - - [24/Aug/2014:19:26:36 -0400] "GET /eco/wp-admin/themes.php?activated=true HTTP/1.1" 200 10603 "http://vpswp.matheusgimenez.com/eco/wp-admin/themes.php" "Mozilla/5.0 (X11; Linux x86_64) AppleWebKit/537.36 (KHTML, like Gecko) Ubuntu Chromium/34.0.1847.116 Chrome/34.0.1847.116 Safari/537.36"
179.156.139.192 - - [24/Aug/2014:19:26:37 -0400] "GET /eco/wp-includes/js/thickbox/thickbox.css HTTP/1.1" 200 1152 "http://vpswp.matheusgimenez.com/eco/wp-admin/themes.php?activated=true" "Mozilla/5.0 (X11; Linux x86_64) AppleWebKit/537.36 (KHTML, like Gecko) Ubuntu Chromium/34.0.1847.116 Chrome/34.0.1847.116 Safari/537.36"
179.156.139.192 - - [24/Aug/2014:19:26:37 -0400] "GET /eco/wp-content/themes/shandora1.0/style-admin.css HTTP/1.1" 200 13195 "http://vpswp.matheusgimenez.com/eco/wp-admin/themes.php?activated=true" "Mozilla/5.0 (X11; Linux x86_64) AppleWebKit/537.36 (KHTML, like Gecko) Ubuntu Chromium/34.0.1847.116 Chrome/34.0.1847.116 Safari/537.36"
179.156.139.192 - - [24/Aug/2014:19:26:37 -0400] "GET /eco/wp-content/themes/shandora1.0/jquery.mask.min.js HTTP/1.1" 200 1756 "http://vpswp.matheusgimenez.com/eco/wp-admin/themes.php?activated=true" "Mozilla/5.0 (X11; Linux x86_64) AppleWebKit/537.36 (KHTML, like Gecko) Ubuntu Chromium/34.0.1847.116 Chrome/34.0.1847.116 Safari/537.36"
179.156.139.192 - - [24/Aug/2014:19:26:37 -0400] "GET /eco/wp-content/themes/shandora1.0/custom3.js HTTP/1.1" 200 541 "http://vpswp.matheusgimenez.com/eco/wp-admin/themes.php?activated=true" "Mozilla/5.0 (X11; Linux x86_64) AppleWebKit/537.36 (KHTML, like Gecko) Ubuntu Chromium/34.0.1847.116 Chrome/34.0.1847.116 Safari/537.36"
179.156.139.192 - - [24/Aug/2014:19:26:37 -0400] "GET /eco/wp-content/themes/shandora1.0/bootstrap.min.js HTTP/1.1" 200 2735 "http://vpswp.matheusgimenez.com/eco/wp-admin/themes.php?activated=true" "Mozilla/5.0 (X11; Linux x86_64) AppleWebKit/537.36 (KHTML, like Gecko) Ubuntu Chromium/34.0.1847.116 Chrome/34.0.1847.116 Safari/537.36"
179.156.139.192 - - [24/Aug/2014:19:26:37 -0400] "GET /eco/wp-content/themes/shandora1.0/framework/assets/images/bon-icon.png HTTP/1.1" 200 748 "http://vpswp.matheusgimenez.com/eco/wp-admin/themes.php?activated=true" "Mozilla/5.0 (X11; Linux x86_64) AppleWebKit/537.36 (KHTML, like Gecko) Ubuntu Chromium/34.0.1847.116 Chrome/34.0.1847.116 Safari/537.36"
::1 - - [24/Aug/2014:19:26:45 -0400] "OPTIONS * HTTP/1.0" 200 125 "-" "Apache/2.4.7 (Ubuntu) PHP/5.5.9-1ubuntu4.3 (internal dummy connection)"
179.156.139.192 - - [24/Aug/2014:19:27:38 -0400] "POST /eco/wp-admin/admin-ajax.php HTTP/1.1" 200 591 "http://vpswp.matheusgimenez.com/eco/wp-admin/themes.php?activated=true" "Mozilla/5.0 (X11; Linux x86_64) AppleWebKit/537.36 (KHTML, like Gecko) Ubuntu Chromium/34.0.1847.116 Chrome/34.0.1847.116 Safari/537.36"
179.156.139.192 - - [24/Aug/2014:19:28:38 -0400] "POST /eco/wp-admin/admin-ajax.php HTTP/1.1" 200 591 "http://vpswp.matheusgimenez.com/eco/wp-admin/themes.php?activated=true" "Mozilla/5.0 (X11; Linux x86_64) AppleWebKit/537.36 (KHTML, like Gecko) Ubuntu Chromium/34.0.1847.116 Chrome/34.0.1847.116 Safari/537.36"
179.156.139.192 - - [24/Aug/2014:19:30:18 -0400] "POST /eco/wp-admin/admin-ajax.php HTTP/1.1" 200 591 "http://vpswp.matheusgimenez.com/eco/wp-admin/themes.php?activated=true" "Mozilla/5.0 (X11; Linux x86_64) AppleWebKit/537.36 (KHTML, like Gecko) Ubuntu Chromium/34.0.1847.116 Chrome/34.0.1847.116 Safari/537.36"
179.156.139.192 - - [24/Aug/2014:19:30:20 -0400] "GET /eco/wp-admin/edit.php?post_type=listing HTTP/1.1" 200 7418 "http://vpswp.matheusgimenez.com/eco/wp-admin/themes.php?activated=true" "Mozilla/5.0 (X11; Linux x86_64) AppleWebKit/537.36 (KHTML, like Gecko) Ubuntu Chromium/34.0.1847.116 Chrome/34.0.1847.116 Safari/537.36"
179.156.139.192 - - [24/Aug/2014:19:30:20 -0400] "GET /eco/wp-includes/images/blank.gif HTTP/1.1" 200 318 "http://vpswp.matheusgimenez.com/eco/wp-admin/edit.php?post_type=listing" "Mozilla/5.0 (X11; Linux x86_64) AppleWebKit/537.36 (KHTML, like Gecko) Ubuntu Chromium/34.0.1847.116 Chrome/34.0.1847.116 Safari/537.36"
179.156.139.192 - - [24/Aug/2014:19:30:21 -0400] "GET /eco/wp-admin/load-scripts.php?c=0&load%5B%5D=hoverIntent,common,admin-bar,suggest,heartbeat,inline-edit-post,svg-painter,wp-auth-check&ver=3.9.2 HTTP/1.1" 200 13419 "http://vpswp.matheusgimenez.com/eco/wp-admin/edit.php?post_type=listing" "Mozilla/5.0 (X11; Linux x86_64) AppleWebKit/537.36 (KHTML, like Gecko) Ubuntu Chromium/34.0.1847.116 Chrome/34.0.1847.116 Safari/537.36"
179.156.139.192 - - [24/Aug/2014:19:30:22 -0400] "GET /eco/wp-admin/post-new.php?post_type=listing HTTP/1.1" 200 29127 "http://vpswp.matheusgimenez.com/eco/wp-admin/edit.php?post_type=listing" "Mozilla/5.0 (X11; Linux x86_64) AppleWebKit/537.36 (KHTML, like Gecko) Ubuntu Chromium/34.0.1847.116 Chrome/34.0.1847.116 Safari/537.36"
179.156.139.192 - - [24/Aug/2014:19:30:22 -0400] "GET /eco/wp-includes/js/mediaelement/mediaelementplayer.min.css HTTP/1.1" 200 3190 "http://vpswp.matheusgimenez.com/eco/wp-admin/post-new.php?post_type=listing" "Mozilla/5.0 (X11; Linux x86_64) AppleWebKit/537.36 (KHTML, like Gecko) Ubuntu Chromium/34.0.1847.116 Chrome/34.0.1847.116 Safari/537.36"
179.156.139.192 - - [24/Aug/2014:19:30:22 -0400] "GET /eco/wp-includes/js/mediaelement/wp-mediaelement.css HTTP/1.1" 200 1288 "http://vpswp.matheusgimenez.com/eco/wp-admin/post-new.php?post_type=listing" "Mozilla/5.0 (X11; Linux x86_64) AppleWebKit/537.36 (KHTML, like Gecko) Ubuntu Chromium/34.0.1847.116 Chrome/34.0.1847.116 Safari/537.36"
179.156.139.192 - - [24/Aug/2014:19:30:22 -0400] "GET /eco/wp-includes/js/imgareaselect/imgareaselect.css HTTP/1.1" 200 600 "http://vpswp.matheusgimenez.com/eco/wp-admin/post-new.php?post_type=listing" "Mozilla/5.0 (X11; Linux x86_64) AppleWebKit/537.36 (KHTML, like Gecko) Ubuntu Chromium/34.0.1847.116 Chrome/34.0.1847.116 Safari/537.36"
179.156.139.192 - - [24/Aug/2014:19:30:22 -0400] "GET /eco/wp-content/themes/shandora1.0/framework/assets/css/jqueryui.css HTTP/1.1" 200 1724 "http://vpswp.matheusgimenez.com/eco/wp-admin/post-new.php?post_type=listing" "Mozilla/5.0 (X11; Linux x86_64) AppleWebKit/537.36 (KHTML, like Gecko) Ubuntu Chromium/34.0.1847.116 Chrome/34.0.1847.116 Safari/537.36"
179.156.139.192 - - [24/Aug/2014:19:30:22 -0400] "GET /eco/wp-content/themes/shandora1.0/framework/assets/css/metabox.css HTTP/1.1" 200 1596 "http://vpswp.matheusgimenez.com/eco/wp-admin/post-new.php?post_type=listing" "Mozilla/5.0 (X11; Linux x86_64) AppleWebKit/537.36 (KHTML, like Gecko) Ubuntu Chromium/34.0.1847.116 Chrome/34.0.1847.116 Safari/537.36"
179.156.139.192 - - [24/Aug/2014:19:30:22 -0400] "GET /eco/wp-includes/css/editor.min.css HTTP/1.1" 200 5712 "http://vpswp.matheusgimenez.com/eco/wp-admin/post-new.php?post_type=listing" "Mozilla/5.0 (X11; Linux x86_64) AppleWebKit/537.36 (KHTML, like Gecko) Ubuntu Chromium/34.0.1847.116 Chrome/34.0.1847.116 Safari/537.36"
179.156.139.192 - - [24/Aug/2014:19:30:22 -0400] "GET /eco/wp-admin/load-styles.php?c=0&dir=ltr&load=dashicons,admin-bar,buttons,media-views,wp-admin,wp-auth-check&ver=3.9.2 HTTP/1.1" 200 73793 "http://vpswp.matheusgimenez.com/eco/wp-admin/post-new.php?post_type=listing" "Mozilla/5.0 (X11; Linux x86_64) AppleWebKit/537.36 (KHTML, like Gecko) Ubuntu Chromium/34.0.1847.116 Chrome/34.0.1847.116 Safari/537.36"
179.156.139.192 - - [24/Aug/2014:19:30:22 -0400] "GET /eco/wp-content/themes/shandora1.0/framework/assets/js/metabox.js HTTP/1.1" 200 3335 "http://vpswp.matheusgimenez.com/eco/wp-admin/post-new.php?post_type=listing" "Mozilla/5.0 (X11; Linux x86_64) AppleWebKit/537.36 (KHTML, like Gecko) Ubuntu Chromium/34.0.1847.116 Chrome/34.0.1847.116 Safari/537.36"
179.156.139.192 - - [24/Aug/2014:19:30:22 -0400] "GET /eco/wp-content/plugins/reserva_wp/js/jquery.ui.datepicker-pt-BR.js HTTP/1.1" 200 859 "http://vpswp.matheusgimenez.com/eco/wp-admin/post-new.php?post_type=listing" "Mozilla/5.0 (X11; Linux x86_64) AppleWebKit/537.36 (KHTML, like Gecko) Ubuntu Chromium/34.0.1847.116 Chrome/34.0.1847.116 Safari/537.36"
179.156.139.192 - - [24/Aug/2014:19:30:22 -0400] "GET /eco/wp-content/plugins/reserva_wp/js/jquery.validate.min.js HTTP/1.1" 200 6712 "http://vpswp.matheusgimenez.com/eco/wp-admin/post-new.php?post_type=listing" "Mozilla/5.0 (X11; Linux x86_64) AppleWebKit/537.36 (KHTML, like Gecko) Ubuntu Chromium/34.0.1847.116 Chrome/34.0.1847.116 Safari/537.36"
179.156.139.192 - - [24/Aug/2014:19:30:23 -0400] "GET /eco/wp-content/plugins/reserva_wp/js/jquery-ui.multidatespicker.js HTTP/1.1" 200 4413 "http://vpswp.matheusgimenez.com/eco/wp-admin/post-new.php?post_type=listing" "Mozilla/5.0 (X11; Linux x86_64) AppleWebKit/537.36 (KHTML, like Gecko) Ubuntu Chromium/34.0.1847.116 Chrome/34.0.1847.116 Safari/537.36"
179.156.139.192 - - [24/Aug/2014:19:30:23 -0400] "GET /eco/wp-content/plugins/reserva_wp/js/admin.js?1422432371 HTTP/1.1" 200 2522 "http://vpswp.matheusgimenez.com/eco/wp-admin/post-new.php?post_type=listing" "Mozilla/5.0 (X11; Linux x86_64) AppleWebKit/537.36 (KHTML, like Gecko) Ubuntu Chromium/34.0.1847.116 Chrome/34.0.1847.116 Safari/537.36"
179.156.139.192 - - [24/Aug/2014:19:30:23 -0400] "GET /eco/wp-includes/js/tinymce/plugins/compat3x/plugin.min.js?ver=4021-20140423 HTTP/1.1" 200 2038 "http://vpswp.matheusgimenez.com/eco/wp-admin/post-new.php?post_type=listing" "Mozilla/5.0 (X11; Linux x86_64) AppleWebKit/537.36 (KHTML, like Gecko) Ubuntu Chromium/34.0.1847.116 Chrome/34.0.1847.116 Safari/537.36"
179.156.139.192 - - [24/Aug/2014:19:30:22 -0400] "GET /eco/wp-admin/load-scripts.php?c=0&load%5B%5D=jquery-core,jquery-migrate,utils,jquery-ui-core,plupload,json2,jquery-ui-datepicker&ver=3.9.2 HTTP/1.1" 200 84422 "http://vpswp.matheusgimenez.com/eco/wp-admin/post-new.php?post_type=listing" "Mozilla/5.0 (X11; Linux x86_64) AppleWebKit/537.36 (KHTML, like Gecko) Ubuntu Chromium/34.0.1847.116 Chrome/34.0.1847.116 Safari/537.36"
179.156.139.192 - - [24/Aug/2014:19:30:23 -0400] "GET /eco/wp-includes/js/tinymce/tinymce.min.js?ver=4021-20140423 HTTP/1.1" 200 96423 "http://vpswp.matheusgimenez.com/eco/wp-admin/post-new.php?post_type=listing" "Mozilla/5.0 (X11; Linux x86_64) AppleWebKit/537.36 (KHTML, like Gecko) Ubuntu Chromium/34.0.1847.116 Chrome/34.0.1847.116 Safari/537.36"
179.156.139.192 - - [24/Aug/2014:19:30:23 -0400] "GET /eco/wp-admin/images/resize.gif HTTP/1.1" 200 352 "http://vpswp.matheusgimenez.com/eco/wp-admin/post-new.php?post_type=listing" "Mozilla/5.0 (X11; Linux x86_64) AppleWebKit/537.36 (KHTML, like Gecko) Ubuntu Chromium/34.0.1847.116 Chrome/34.0.1847.116 Safari/537.36"
179.156.139.192 - - [24/Aug/2014:19:30:23 -0400] "GET /eco/wp-admin/images/spinner.gif HTTP/1.1" 200 4488 "http://vpswp.matheusgimenez.com/eco/wp-admin/post-new.php?post_type=listing" "Mozilla/5.0 (X11; Linux x86_64) AppleWebKit/537.36 (KHTML, like Gecko) Ubuntu Chromium/34.0.1847.116 Chrome/34.0.1847.116 Safari/537.36"
179.156.139.192 - - [24/Aug/2014:19:30:23 -0400] "GET /eco/wp-admin/load-scripts.php?c=0&load%5B%5D=hoverIntent,common,admin-bar,schedule,wp-ajax-response,autosave,suggest,jquery-color,wp-lists,jquery-ui-widget,jquery-ui-mouse,j&load%5B%5D=query-ui-sortable,postbox,heartbeat,post,thickbox,underscore,shortcode,backbone,wp-util,wp-backbone,media-models,wp-plupload,med&load%5B%5D=iaelement,wp-mediaelement,media-views,media-editor,media-audiovideo,wp-playlist,mce-view,imgareaselect,image-edit,svg-painter,wp&load%5B%5D=-auth-check,word-count,editor,quicktags,wplink,wp-fullscreen,media-upload&ver=3.9.2 HTTP/1.1" 200 121508 "http://vpswp.matheusgimenez.com/eco/wp-admin/post-new.php?post_type=listing" "Mozilla/5.0 (X11; Linux x86_64) AppleWebKit/537.36 (KHTML, like Gecko) Ubuntu Chromium/34.0.1847.116 Chrome/34.0.1847.116 Safari/537.36"
179.156.139.192 - - [24/Aug/2014:19:30:24 -0400] "GET /eco/wp-includes/js/tinymce/themes/modern/theme.min.js HTTP/1.1" 200 2978 "http://vpswp.matheusgimenez.com/eco/wp-admin/post-new.php?post_type=listing" "Mozilla/5.0 (X11; Linux x86_64) AppleWebKit/537.36 (KHTML, like Gecko) Ubuntu Chromium/34.0.1847.116 Chrome/34.0.1847.116 Safari/537.36"
179.156.139.192 - - [24/Aug/2014:19:30:24 -0400] "GET /eco/wp-includes/js/tinymce/plugins/charmap/plugin.min.js HTTP/1.1" 200 3066 "http://vpswp.matheusgimenez.com/eco/wp-admin/post-new.php?post_type=listing" "Mozilla/5.0 (X11; Linux x86_64) AppleWebKit/537.36 (KHTML, like Gecko) Ubuntu Chromium/34.0.1847.116 Chrome/34.0.1847.116 Safari/537.36"
179.156.139.192 - - [24/Aug/2014:19:30:24 -0400] "GET /eco/wp-includes/js/tinymce/plugins/hr/plugin.min.js HTTP/1.1" 200 539 "http://vpswp.matheusgimenez.com/eco/wp-admin/post-new.php?post_type=listing" "Mozilla/5.0 (X11; Linux x86_64) AppleWebKit/537.36 (KHTML, like Gecko) Ubuntu Chromium/34.0.1847.116 Chrome/34.0.1847.116 Safari/537.36"
179.156.139.192 - - [24/Aug/2014:19:30:24 -0400] "GET /eco/wp-includes/js/tinymce/plugins/media/plugin.min.js HTTP/1.1" 200 3749 "http://vpswp.matheusgimenez.com/eco/wp-admin/post-new.php?post_type=listing" "Mozilla/5.0 (X11; Linux x86_64) AppleWebKit/537.36 (KHTML, like Gecko) Ubuntu Chromium/34.0.1847.116 Chrome/34.0.1847.116 Safari/537.36"
179.156.139.192 - - [24/Aug/2014:19:30:24 -0400] "GET /eco/wp-includes/js/tinymce/plugins/paste/plugin.min.js HTTP/1.1" 200 5672 "http://vpswp.matheusgimenez.com/eco/wp-admin/post-new.php?post_type=listing" "Mozilla/5.0 (X11; Linux x86_64) AppleWebKit/537.36 (KHTML, like Gecko) Ubuntu Chromium/34.0.1847.116 Chrome/34.0.1847.116 Safari/537.36"
179.156.139.192 - - [24/Aug/2014:19:30:24 -0400] "GET /eco/wp-includes/js/tinymce/plugins/tabfocus/plugin.min.js HTTP/1.1" 200 1031 "http://vpswp.matheusgimenez.com/eco/wp-admin/post-new.php?post_type=listing" "Mozilla/5.0 (X11; Linux x86_64) AppleWebKit/537.36 (KHTML, like Gecko) Ubuntu Chromium/34.0.1847.116 Chrome/34.0.1847.116 Safari/537.36"
179.156.139.192 - - [24/Aug/2014:19:30:24 -0400] "GET /eco/wp-includes/js/tinymce/plugins/textcolor/plugin.min.js HTTP/1.1" 200 1417 "http://vpswp.matheusgimenez.com/eco/wp-admin/post-new.php?post_type=listing" "Mozilla/5.0 (X11; Linux x86_64) AppleWebKit/537.36 (KHTML, like Gecko) Ubuntu Chromium/34.0.1847.116 Chrome/34.0.1847.116 Safari/537.36"
179.156.139.192 - - [24/Aug/2014:19:30:24 -0400] "GET /eco/wp-includes/js/tinymce/plugins/fullscreen/plugin.min.js HTTP/1.1" 200 990 "http://vpswp.matheusgimenez.com/eco/wp-admin/post-new.php?post_type=listing" "Mozilla/5.0 (X11; Linux x86_64) AppleWebKit/537.36 (KHTML, like Gecko) Ubuntu Chromium/34.0.1847.116 Chrome/34.0.1847.116 Safari/537.36"
179.156.139.192 - - [24/Aug/2014:19:30:24 -0400] "GET /eco/wp-includes/js/tinymce/plugins/wpeditimage/plugin.min.js HTTP/1.1" 200 4744 "http://vpswp.matheusgimenez.com/eco/wp-admin/post-new.php?post_type=listing" "Mozilla/5.0 (X11; Linux x86_64) AppleWebKit/537.36 (KHTML, like Gecko) Ubuntu Chromium/34.0.1847.116 Chrome/34.0.1847.116 Safari/537.36"
179.156.139.192 - - [24/Aug/2014:19:30:24 -0400] "GET /eco/wp-includes/js/tinymce/plugins/wordpress/plugin.min.js HTTP/1.1" 200 3260 "http://vpswp.matheusgimenez.com/eco/wp-admin/post-new.php?post_type=listing" "Mozilla/5.0 (X11; Linux x86_64) AppleWebKit/537.36 (KHTML, like Gecko) Ubuntu Chromium/34.0.1847.116 Chrome/34.0.1847.116 Safari/537.36"
179.156.139.192 - - [24/Aug/2014:19:30:24 -0400] "GET /eco/wp-includes/js/tinymce/plugins/wpgallery/plugin.min.js HTTP/1.1" 200 1102 "http://vpswp.matheusgimenez.com/eco/wp-admin/post-new.php?post_type=listing" "Mozilla/5.0 (X11; Linux x86_64) AppleWebKit/537.36 (KHTML, like Gecko) Ubuntu Chromium/34.0.1847.116 Chrome/34.0.1847.116 Safari/537.36"
179.156.139.192 - - [24/Aug/2014:19:30:24 -0400] "GET /eco/wp-includes/js/tinymce/plugins/wplink/plugin.min.js HTTP/1.1" 200 777 "http://vpswp.matheusgimenez.com/eco/wp-admin/post-new.php?post_type=listing" "Mozilla/5.0 (X11; Linux x86_64) AppleWebKit/537.36 (KHTML, like Gecko) Ubuntu Chromium/34.0.1847.116 Chrome/34.0.1847.116 Safari/537.36"
179.156.139.192 - - [24/Aug/2014:19:30:24 -0400] "GET /eco/wp-includes/js/tinymce/plugins/wpdialogs/plugin.min.js HTTP/1.1" 200 997 "http://vpswp.matheusgimenez.com/eco/wp-admin/post-new.php?post_type=listing" "Mozilla/5.0 (X11; Linux x86_64) AppleWebKit/537.36 (KHTML, like Gecko) Ubuntu Chromium/34.0.1847.116 Chrome/34.0.1847.116 Safari/537.36"
179.156.139.192 - - [24/Aug/2014:19:30:24 -0400] "GET /eco/wp-includes/js/tinymce/plugins/wpview/plugin.min.js HTTP/1.1" 200 2467 "http://vpswp.matheusgimenez.com/eco/wp-admin/post-new.php?post_type=listing" "Mozilla/5.0 (X11; Linux x86_64) AppleWebKit/537.36 (KHTML, like Gecko) Ubuntu Chromium/34.0.1847.116 Chrome/34.0.1847.116 Safari/537.36"
179.156.139.192 - - [24/Aug/2014:19:30:24 -0400] "GET /eco/wp-includes/js/tinymce/plugins/wpfullscreen/plugin.min.js HTTP/1.1" 200 980 "http://vpswp.matheusgimenez.com/eco/wp-admin/post-new.php?post_type=listing" "Mozilla/5.0 (X11; Linux x86_64) AppleWebKit/537.36 (KHTML, like Gecko) Ubuntu Chromium/34.0.1847.116 Chrome/34.0.1847.116 Safari/537.36"
179.156.139.192 - - [24/Aug/2014:19:30:24 -0400] "GET /eco/wp-includes/js/tinymce/skins/lightgray/skin.min.css HTTP/1.1" 200 6097 "http://vpswp.matheusgimenez.com/eco/wp-admin/post-new.php?post_type=listing" "Mozilla/5.0 (X11; Linux x86_64) AppleWebKit/537.36 (KHTML, like Gecko) Ubuntu Chromium/34.0.1847.116 Chrome/34.0.1847.116 Safari/537.36"
179.156.139.192 - - [24/Aug/2014:19:30:25 -0400] "GET /eco/wp-includes/js/tinymce/skins/lightgray/content.min.css HTTP/1.1" 200 927 "http://vpswp.matheusgimenez.com/eco/wp-admin/post-new.php?post_type=listing" "Mozilla/5.0 (X11; Linux x86_64) AppleWebKit/537.36 (KHTML, like Gecko) Ubuntu Chromium/34.0.1847.116 Chrome/34.0.1847.116 Safari/537.36"
179.156.139.192 - - [24/Aug/2014:19:30:25 -0400] "GET /eco/wp-includes/js/mediaelement/wp-mediaelement.css?ver=3.9.2 HTTP/1.1" 200 1287 "http://vpswp.matheusgimenez.com/eco/wp-admin/post-new.php?post_type=listing" "Mozilla/5.0 (X11; Linux x86_64) AppleWebKit/537.36 (KHTML, like Gecko) Ubuntu Chromium/34.0.1847.116 Chrome/34.0.1847.116 Safari/537.36"
179.156.139.192 - - [24/Aug/2014:19:30:25 -0400] "GET /eco/wp-includes/js/mediaelement/mediaelementplayer.min.css?ver=3.9.2 HTTP/1.1" 200 3190 "http://vpswp.matheusgimenez.com/eco/wp-admin/post-new.php?post_type=listing" "Mozilla/5.0 (X11; Linux x86_64) AppleWebKit/537.36 (KHTML, like Gecko) Ubuntu Chromium/34.0.1847.116 Chrome/34.0.1847.116 Safari/537.36"
179.156.139.192 - - [24/Aug/2014:19:30:25 -0400] "GET /eco/wp-includes/js/tinymce/skins/wordpress/wp-content.css?ver=3.9.2 HTTP/1.1" 200 2593 "http://vpswp.matheusgimenez.com/eco/wp-admin/post-new.php?post_type=listing" "Mozilla/5.0 (X11; Linux x86_64) AppleWebKit/537.36 (KHTML, like Gecko) Ubuntu Chromium/34.0.1847.116 Chrome/34.0.1847.116 Safari/537.36"
179.156.139.192 - - [24/Aug/2014:19:30:25 -0400] "GET /eco/wp-content/themes/shandora1.0/assets/css/editor-styles.css HTTP/1.1" 200 1898 "http://vpswp.matheusgimenez.com/eco/wp-admin/post-new.php?post_type=listing" "Mozilla/5.0 (X11; Linux x86_64) AppleWebKit/537.36 (KHTML, like Gecko) Ubuntu Chromium/34.0.1847.116 Chrome/34.0.1847.116 Safari/537.36"
::1 - - [24/Aug/2014:19:30:32 -0400] "OPTIONS * HTTP/1.0" 200 125 "-" "Apache/2.4.7 (Ubuntu) PHP/5.5.9-1ubuntu4.3 (internal dummy connection)"
179.156.139.192 - - [24/Aug/2014:19:30:39 -0400] "POST /eco/wp-admin/admin-ajax.php HTTP/1.1" 200 668 "http://vpswp.matheusgimenez.com/eco/wp-admin/post-new.php?post_type=listing" "Mozilla/5.0 (X11; Linux x86_64) AppleWebKit/537.36 (KHTML, like Gecko) Ubuntu Chromium/34.0.1847.116 Chrome/34.0.1847.116 Safari/537.36"
74.118.192.246 - - [24/Aug/2014:19:30:39 -0400] "POST /eco/wp-cron.php?doing_wp_cron=1408923039.4075179100036621093750 HTTP/1.0" 200 282 "-" "WordPress/3.9.2; http://vpswp.matheusgimenez.com/eco"
179.156.139.192 - - [24/Aug/2014:19:30:39 -0400] "POST /eco/wp-admin/admin-ajax.php HTTP/1.1" 200 834 "http://vpswp.matheusgimenez.com/eco/wp-admin/post-new.php?post_type=listing" "Mozilla/5.0 (X11; Linux x86_64) AppleWebKit/537.36 (KHTML, like Gecko) Ubuntu Chromium/34.0.1847.116 Chrome/34.0.1847.116 Safari/537.36"
179.156.139.192 - - [24/Aug/2014:19:30:52 -0400] "POST /eco/wp-admin/post.php HTTP/1.1" 302 496 "http://vpswp.matheusgimenez.com/eco/wp-admin/post-new.php?post_type=listing" "Mozilla/5.0 (X11; Linux x86_64) AppleWebKit/537.36 (KHTML, like Gecko) Ubuntu Chromium/34.0.1847.116 Chrome/34.0.1847.116 Safari/537.36"
179.156.139.192 - - [24/Aug/2014:19:30:53 -0400] "GET /eco/wp-admin/post.php?post=4&action=edit&message=6 HTTP/1.1" 200 29936 "http://vpswp.matheusgimenez.com/eco/wp-admin/post-new.php?post_type=listing" "Mozilla/5.0 (X11; Linux x86_64) AppleWebKit/537.36 (KHTML, like Gecko) Ubuntu Chromium/34.0.1847.116 Chrome/34.0.1847.116 Safari/537.36"
179.156.139.192 - - [24/Aug/2014:19:30:53 -0400] "GET /eco/wp-content/plugins/reserva_wp/js/admin.js?415465342 HTTP/1.1" 200 2523 "http://vpswp.matheusgimenez.com/eco/wp-admin/post.php?post=4&action=edit&message=6" "Mozilla/5.0 (X11; Linux x86_64) AppleWebKit/537.36 (KHTML, like Gecko) Ubuntu Chromium/34.0.1847.116 Chrome/34.0.1847.116 Safari/537.36"
179.156.139.192 - - [24/Aug/2014:19:30:53 -0400] "GET /eco/wp-admin/load-scripts.php?c=0&load%5B%5D=hoverIntent,common,admin-bar,schedule,wp-ajax-response,autosave,jquery-color,wp-lists,quicktags,jquery-query,admin-comments,sugg&load%5B%5D=est,jquery-ui-widget,jquery-ui-mouse,jquery-ui-sortable,postbox,heartbeat,post,thickbox,underscore,shortcode,backbone,wp-util,wp&load%5B%5D=-backbone,media-models,wp-plupload,mediaelement,wp-mediaelement,media-views,media-editor,media-audiovideo,wp-playlist,mce-view,i&load%5B%5D=mgareaselect,image-edit,svg-painter,wp-auth-check,word-count,editor,wplink,wp-fullscreen,media-upload&ver=3.9.2 HTTP/1.1" 200 126340 "http://vpswp.matheusgimenez.com/eco/wp-admin/post.php?post=4&action=edit&message=6" "Mozilla/5.0 (X11; Linux x86_64) AppleWebKit/537.36 (KHTML, like Gecko) Ubuntu Chromium/34.0.1847.116 Chrome/34.0.1847.116 Safari/537.36"
179.156.139.192 - - [24/Aug/2014:19:31:02 -0400] "GET /eco/wp-admin/edit.php?post_type=listing HTTP/1.1" 200 10274 "http://vpswp.matheusgimenez.com/eco/wp-admin/post.php?post=4&action=edit&message=6" "Mozilla/5.0 (X11; Linux x86_64) AppleWebKit/537.36 (KHTML, like Gecko) Ubuntu Chromium/34.0.1847.116 Chrome/34.0.1847.116 Safari/537.36"
179.156.139.192 - - [24/Aug/2014:19:31:02 -0400] "POST /eco/wp-admin/admin-ajax.php HTTP/1.1" 200 536 "http://vpswp.matheusgimenez.com/eco/wp-admin/post.php?post=4&action=edit&message=6" "Mozilla/5.0 (X11; Linux x86_64) AppleWebKit/537.36 (KHTML, like Gecko) Ubuntu Chromium/34.0.1847.116 Chrome/34.0.1847.116 Safari/537.36"
179.156.139.192 - - [24/Aug/2014:19:31:18 -0400] "POST /eco/wp-admin/admin-ajax.php HTTP/1.1" 200 591 "http://vpswp.matheusgimenez.com/eco/wp-admin/edit.php?post_type=listing" "Mozilla/5.0 (X11; Linux x86_64) AppleWebKit/537.36 (KHTML, like Gecko) Ubuntu Chromium/34.0.1847.116 Chrome/34.0.1847.116 Safari/537.36"
179.156.139.192 - - [24/Aug/2014:19:32:11 -0400] "POST /eco/wp-admin/admin-ajax.php HTTP/1.1" 200 591 "http://vpswp.matheusgimenez.com/eco/wp-admin/edit.php?post_type=listing" "Mozilla/5.0 (X11; Linux x86_64) AppleWebKit/537.36 (KHTML, like Gecko) Ubuntu Chromium/34.0.1847.116 Chrome/34.0.1847.116 Safari/537.36"
179.156.139.192 - - [24/Aug/2014:19:32:26 -0400] "POST /eco/wp-admin/admin-ajax.php HTTP/1.1" 200 591 "http://vpswp.matheusgimenez.com/eco/wp-admin/edit.php?post_type=listing" "Mozilla/5.0 (X11; Linux x86_64) AppleWebKit/537.36 (KHTML, like Gecko) Ubuntu Chromium/34.0.1847.116 Chrome/34.0.1847.116 Safari/537.36"
179.156.139.192 - - [24/Aug/2014:19:32:41 -0400] "POST /eco/wp-admin/admin-ajax.php HTTP/1.1" 200 591 "http://vpswp.matheusgimenez.com/eco/wp-admin/edit.php?post_type=listing" "Mozilla/5.0 (X11; Linux x86_64) AppleWebKit/537.36 (KHTML, like Gecko) Ubuntu Chromium/34.0.1847.116 Chrome/34.0.1847.116 Safari/537.36"
179.156.139.192 - - [24/Aug/2014:19:33:07 -0400] "POST /eco/wp-admin/admin-ajax.php HTTP/1.1" 200 591 "http://vpswp.matheusgimenez.com/eco/wp-admin/edit.php?post_type=listing" "Mozilla/5.0 (X11; Linux x86_64) AppleWebKit/537.36 (KHTML, like Gecko) Ubuntu Chromium/34.0.1847.116 Chrome/34.0.1847.116 Safari/537.36"
179.156.139.192 - - [24/Aug/2014:19:33:22 -0400] "POST /eco/wp-admin/admin-ajax.php HTTP/1.1" 200 591 "http://vpswp.matheusgimenez.com/eco/wp-admin/edit.php?post_type=listing" "Mozilla/5.0 (X11; Linux x86_64) AppleWebKit/537.36 (KHTML, like Gecko) Ubuntu Chromium/34.0.1847.116 Chrome/34.0.1847.116 Safari/537.36"
179.156.139.192 - - [24/Aug/2014:19:33:37 -0400] "POST /eco/wp-admin/admin-ajax.php HTTP/1.1" 200 591 "http://vpswp.matheusgimenez.com/eco/wp-admin/edit.php?post_type=listing" "Mozilla/5.0 (X11; Linux x86_64) AppleWebKit/537.36 (KHTML, like Gecko) Ubuntu Chromium/34.0.1847.116 Chrome/34.0.1847.116 Safari/537.36"
179.156.139.192 - - [24/Aug/2014:19:33:52 -0400] "POST /eco/wp-admin/admin-ajax.php HTTP/1.1" 200 591 "http://vpswp.matheusgimenez.com/eco/wp-admin/edit.php?post_type=listing" "Mozilla/5.0 (X11; Linux x86_64) AppleWebKit/537.36 (KHTML, like Gecko) Ubuntu Chromium/34.0.1847.116 Chrome/34.0.1847.116 Safari/537.36"
179.156.139.192 - - [24/Aug/2014:19:34:07 -0400] "POST /eco/wp-admin/admin-ajax.php HTTP/1.1" 200 591 "http://vpswp.matheusgimenez.com/eco/wp-admin/edit.php?post_type=listing" "Mozilla/5.0 (X11; Linux x86_64) AppleWebKit/537.36 (KHTML, like Gecko) Ubuntu Chromium/34.0.1847.116 Chrome/34.0.1847.116 Safari/537.36"
179.156.139.192 - - [24/Aug/2014:19:34:22 -0400] "POST /eco/wp-admin/admin-ajax.php HTTP/1.1" 200 591 "http://vpswp.matheusgimenez.com/eco/wp-admin/edit.php?post_type=listing" "Mozilla/5.0 (X11; Linux x86_64) AppleWebKit/537.36 (KHTML, like Gecko) Ubuntu Chromium/34.0.1847.116 Chrome/34.0.1847.116 Safari/537.36"
179.156.139.192 - - [24/Aug/2014:19:34:37 -0400] "POST /eco/wp-admin/admin-ajax.php HTTP/1.1" 200 591 "http://vpswp.matheusgimenez.com/eco/wp-admin/edit.php?post_type=listing" "Mozilla/5.0 (X11; Linux x86_64) AppleWebKit/537.36 (KHTML, like Gecko) Ubuntu Chromium/34.0.1847.116 Chrome/34.0.1847.116 Safari/537.36"
186.234.16.9 - - [24/Aug/2014:19:34:39 -0400] "POST /eco/?pagseguronotification=true HTTP/1.1" 500 264 "-" "Jakarta Commons-HttpClient/3.1"
179.156.139.192 - - [24/Aug/2014:19:34:52 -0400] "POST /eco/wp-admin/admin-ajax.php HTTP/1.1" 200 591 "http://vpswp.matheusgimenez.com/eco/wp-admin/edit.php?post_type=listing" "Mozilla/5.0 (X11; Linux x86_64) AppleWebKit/537.36 (KHTML, like Gecko) Ubuntu Chromium/34.0.1847.116 Chrome/34.0.1847.116 Safari/537.36"
179.156.139.192 - - [24/Aug/2014:19:35:07 -0400] "POST /eco/wp-admin/admin-ajax.php HTTP/1.1" 200 591 "http://vpswp.matheusgimenez.com/eco/wp-admin/edit.php?post_type=listing" "Mozilla/5.0 (X11; Linux x86_64) AppleWebKit/537.36 (KHTML, like Gecko) Ubuntu Chromium/34.0.1847.116 Chrome/34.0.1847.116 Safari/537.36"
179.156.139.192 - - [24/Aug/2014:19:35:22 -0400] "POST /eco/wp-admin/admin-ajax.php HTTP/1.1" 200 591 "http://vpswp.matheusgimenez.com/eco/wp-admin/edit.php?post_type=listing" "Mozilla/5.0 (X11; Linux x86_64) AppleWebKit/537.36 (KHTML, like Gecko) Ubuntu Chromium/34.0.1847.116 Chrome/34.0.1847.116 Safari/537.36"
179.156.139.192 - - [24/Aug/2014:19:35:37 -0400] "POST /eco/wp-admin/admin-ajax.php HTTP/1.1" 200 591 "http://vpswp.matheusgimenez.com/eco/wp-admin/edit.php?post_type=listing" "Mozilla/5.0 (X11; Linux x86_64) AppleWebKit/537.36 (KHTML, like Gecko) Ubuntu Chromium/34.0.1847.116 Chrome/34.0.1847.116 Safari/537.36"
179.156.139.192 - - [24/Aug/2014:19:35:52 -0400] "POST /eco/wp-admin/admin-ajax.php HTTP/1.1" 200 591 "http://vpswp.matheusgimenez.com/eco/wp-admin/edit.php?post_type=listing" "Mozilla/5.0 (X11; Linux x86_64) AppleWebKit/537.36 (KHTML, like Gecko) Ubuntu Chromium/34.0.1847.116 Chrome/34.0.1847.116 Safari/537.36"
179.156.139.192 - - [24/Aug/2014:19:36:07 -0400] "POST /eco/wp-admin/admin-ajax.php HTTP/1.1" 200 591 "http://vpswp.matheusgimenez.com/eco/wp-admin/edit.php?post_type=listing" "Mozilla/5.0 (X11; Linux x86_64) AppleWebKit/537.36 (KHTML, like Gecko) Ubuntu Chromium/34.0.1847.116 Chrome/34.0.1847.116 Safari/537.36"
179.156.139.192 - - [24/Aug/2014:19:36:22 -0400] "POST /eco/wp-admin/admin-ajax.php HTTP/1.1" 200 591 "http://vpswp.matheusgimenez.com/eco/wp-admin/edit.php?post_type=listing" "Mozilla/5.0 (X11; Linux x86_64) AppleWebKit/537.36 (KHTML, like Gecko) Ubuntu Chromium/34.0.1847.116 Chrome/34.0.1847.116 Safari/537.36"
179.156.139.192 - - [24/Aug/2014:19:36:37 -0400] "POST /eco/wp-admin/admin-ajax.php HTTP/1.1" 200 591 "http://vpswp.matheusgimenez.com/eco/wp-admin/edit.php?post_type=listing" "Mozilla/5.0 (X11; Linux x86_64) AppleWebKit/537.36 (KHTML, like Gecko) Ubuntu Chromium/34.0.1847.116 Chrome/34.0.1847.116 Safari/537.36"
179.156.139.192 - - [24/Aug/2014:19:36:53 -0400] "POST /eco/wp-admin/admin-ajax.php HTTP/1.1" 200 591 "http://vpswp.matheusgimenez.com/eco/wp-admin/edit.php?post_type=listing" "Mozilla/5.0 (X11; Linux x86_64) AppleWebKit/537.36 (KHTML, like Gecko) Ubuntu Chromium/34.0.1847.116 Chrome/34.0.1847.116 Safari/537.36"
179.156.139.192 - - [24/Aug/2014:19:37:08 -0400] "POST /eco/wp-admin/admin-ajax.php HTTP/1.1" 200 591 "http://vpswp.matheusgimenez.com/eco/wp-admin/edit.php?post_type=listing" "Mozilla/5.0 (X11; Linux x86_64) AppleWebKit/537.36 (KHTML, like Gecko) Ubuntu Chromium/34.0.1847.116 Chrome/34.0.1847.116 Safari/537.36"
179.156.139.192 - - [24/Aug/2014:19:37:23 -0400] "POST /eco/wp-admin/admin-ajax.php HTTP/1.1" 200 591 "http://vpswp.matheusgimenez.com/eco/wp-admin/edit.php?post_type=listing" "Mozilla/5.0 (X11; Linux x86_64) AppleWebKit/537.36 (KHTML, like Gecko) Ubuntu Chromium/34.0.1847.116 Chrome/34.0.1847.116 Safari/537.36"
179.156.139.192 - - [24/Aug/2014:19:37:38 -0400] "POST /eco/wp-admin/admin-ajax.php HTTP/1.1" 200 591 "http://vpswp.matheusgimenez.com/eco/wp-admin/edit.php?post_type=listing" "Mozilla/5.0 (X11; Linux x86_64) AppleWebKit/537.36 (KHTML, like Gecko) Ubuntu Chromium/34.0.1847.116 Chrome/34.0.1847.116 Safari/537.36"
179.156.139.192 - - [24/Aug/2014:19:37:53 -0400] "POST /eco/wp-admin/admin-ajax.php HTTP/1.1" 200 591 "http://vpswp.matheusgimenez.com/eco/wp-admin/edit.php?post_type=listing" "Mozilla/5.0 (X11; Linux x86_64) AppleWebKit/537.36 (KHTML, like Gecko) Ubuntu Chromium/34.0.1847.116 Chrome/34.0.1847.116 Safari/537.36"
179.156.139.192 - - [24/Aug/2014:19:38:08 -0400] "POST /eco/wp-admin/admin-ajax.php HTTP/1.1" 200 591 "http://vpswp.matheusgimenez.com/eco/wp-admin/edit.php?post_type=listing" "Mozilla/5.0 (X11; Linux x86_64) AppleWebKit/537.36 (KHTML, like Gecko) Ubuntu Chromium/34.0.1847.116 Chrome/34.0.1847.116 Safari/537.36"
179.156.139.192 - - [24/Aug/2014:19:38:23 -0400] "POST /eco/wp-admin/admin-ajax.php HTTP/1.1" 200 591 "http://vpswp.matheusgimenez.com/eco/wp-admin/edit.php?post_type=listing" "Mozilla/5.0 (X11; Linux x86_64) AppleWebKit/537.36 (KHTML, like Gecko) Ubuntu Chromium/34.0.1847.116 Chrome/34.0.1847.116 Safari/537.36"
179.156.139.192 - - [24/Aug/2014:19:38:38 -0400] "POST /eco/wp-admin/admin-ajax.php HTTP/1.1" 200 591 "http://vpswp.matheusgimenez.com/eco/wp-admin/edit.php?post_type=listing" "Mozilla/5.0 (X11; Linux x86_64) AppleWebKit/537.36 (KHTML, like Gecko) Ubuntu Chromium/34.0.1847.116 Chrome/34.0.1847.116 Safari/537.36"
179.156.139.192 - - [24/Aug/2014:19:38:53 -0400] "POST /eco/wp-admin/admin-ajax.php HTTP/1.1" 200 591 "http://vpswp.matheusgimenez.com/eco/wp-admin/edit.php?post_type=listing" "Mozilla/5.0 (X11; Linux x86_64) AppleWebKit/537.36 (KHTML, like Gecko) Ubuntu Chromium/34.0.1847.116 Chrome/34.0.1847.116 Safari/537.36"
179.156.139.192 - - [24/Aug/2014:19:39:08 -0400] "POST /eco/wp-admin/admin-ajax.php HTTP/1.1" 200 591 "http://vpswp.matheusgimenez.com/eco/wp-admin/edit.php?post_type=listing" "Mozilla/5.0 (X11; Linux x86_64) AppleWebKit/537.36 (KHTML, like Gecko) Ubuntu Chromium/34.0.1847.116 Chrome/34.0.1847.116 Safari/537.36"
179.156.139.192 - - [24/Aug/2014:19:39:23 -0400] "POST /eco/wp-admin/admin-ajax.php HTTP/1.1" 200 591 "http://vpswp.matheusgimenez.com/eco/wp-admin/edit.php?post_type=listing" "Mozilla/5.0 (X11; Linux x86_64) AppleWebKit/537.36 (KHTML, like Gecko) Ubuntu Chromium/34.0.1847.116 Chrome/34.0.1847.116 Safari/537.36"
179.156.139.192 - - [24/Aug/2014:19:39:38 -0400] "POST /eco/wp-admin/admin-ajax.php HTTP/1.1" 200 591 "http://vpswp.matheusgimenez.com/eco/wp-admin/edit.php?post_type=listing" "Mozilla/5.0 (X11; Linux x86_64) AppleWebKit/537.36 (KHTML, like Gecko) Ubuntu Chromium/34.0.1847.116 Chrome/34.0.1847.116 Safari/537.36"
186.234.16.8 - - [24/Aug/2014:19:40:18 -0400] "POST /eco/?pagseguronotification=true HTTP/1.1" 500 291 "-" "Jakarta Commons-HttpClient/3.1"
179.156.139.192 - - [24/Aug/2014:19:40:50 -0400] "POST /eco/wp-admin/admin-ajax.php HTTP/1.1" 200 591 "http://vpswp.matheusgimenez.com/eco/wp-admin/edit.php?post_type=listing" "Mozilla/5.0 (X11; Linux x86_64) AppleWebKit/537.36 (KHTML, like Gecko) Ubuntu Chromium/34.0.1847.116 Chrome/34.0.1847.116 Safari/537.36"
179.156.139.192 - - [24/Aug/2014:19:40:50 -0400] "GET /eco/wp-admin/edit.php?post_type=listing HTTP/1.1" 200 9506 "http://vpswp.matheusgimenez.com/eco/wp-admin/post.php?post=4&action=edit&message=6" "Mozilla/5.0 (X11; Linux x86_64) AppleWebKit/537.36 (KHTML, like Gecko) Ubuntu Chromium/34.0.1847.116 Chrome/34.0.1847.116 Safari/537.36"
179.156.139.192 - - [24/Aug/2014:19:40:51 -0400] "GET /eco/wp-content/themes/shandora1.0/style-admin.css HTTP/1.1" 200 13194 "http://vpswp.matheusgimenez.com/eco/wp-admin/edit.php?post_type=listing" "Mozilla/5.0 (X11; Linux x86_64) AppleWebKit/537.36 (KHTML, like Gecko) Ubuntu Chromium/34.0.1847.116 Chrome/34.0.1847.116 Safari/537.36"
179.156.139.192 - - [24/Aug/2014:19:40:51 -0400] "GET /eco/wp-admin/load-scripts.php?c=0&load%5B%5D=jquery-core,jquery-migrate,utils&ver=3.9.2 HTTP/1.1" 200 37002 "http://vpswp.matheusgimenez.com/eco/wp-admin/edit.php?post_type=listing" "Mozilla/5.0 (X11; Linux x86_64) AppleWebKit/537.36 (KHTML, like Gecko) Ubuntu Chromium/34.0.1847.116 Chrome/34.0.1847.116 Safari/537.36"
179.156.139.192 - - [24/Aug/2014:19:40:51 -0400] "GET /eco/wp-content/themes/shandora1.0/custom3.js HTTP/1.1" 200 540 "http://vpswp.matheusgimenez.com/eco/wp-admin/edit.php?post_type=listing" "Mozilla/5.0 (X11; Linux x86_64) AppleWebKit/537.36 (KHTML, like Gecko) Ubuntu Chromium/34.0.1847.116 Chrome/34.0.1847.116 Safari/537.36"
179.156.139.192 - - [24/Aug/2014:19:40:51 -0400] "GET /eco/wp-admin/load-styles.php?c=0&dir=ltr&load=dashicons,admin-bar,wp-admin,buttons,wp-auth-check&ver=3.9.2 HTTP/1.1" 200 68311 "http://vpswp.matheusgimenez.com/eco/wp-admin/edit.php?post_type=listing" "Mozilla/5.0 (X11; Linux x86_64) AppleWebKit/537.36 (KHTML, like Gecko) Ubuntu Chromium/34.0.1847.116 Chrome/34.0.1847.116 Safari/537.36"
179.156.139.192 - - [24/Aug/2014:19:40:51 -0400] "GET /eco/wp-admin/load-scripts.php?c=0&load%5B%5D=hoverIntent,common,admin-bar,suggest,heartbeat,inline-edit-post,svg-painter,wp-auth-check&ver=3.9.2 HTTP/1.1" 200 13419 "http://vpswp.matheusgimenez.com/eco/wp-admin/edit.php?post_type=listing" "Mozilla/5.0 (X11; Linux x86_64) AppleWebKit/537.36 (KHTML, like Gecko) Ubuntu Chromium/34.0.1847.116 Chrome/34.0.1847.116 Safari/537.36"
179.156.139.192 - - [24/Aug/2014:19:40:51 -0400] "GET /eco/wp-content/themes/shandora1.0/jquery.mask.min.js HTTP/1.1" 200 1756 "http://vpswp.matheusgimenez.com/eco/wp-admin/edit.php?post_type=listing" "Mozilla/5.0 (X11; Linux x86_64) AppleWebKit/537.36 (KHTML, like Gecko) Ubuntu Chromium/34.0.1847.116 Chrome/34.0.1847.116 Safari/537.36"
179.156.139.192 - - [24/Aug/2014:19:40:51 -0400] "GET /eco/wp-content/themes/shandora1.0/bootstrap.min.js HTTP/1.1" 200 2734 "http://vpswp.matheusgimenez.com/eco/wp-admin/edit.php?post_type=listing" "Mozilla/5.0 (X11; Linux x86_64) AppleWebKit/537.36 (KHTML, like Gecko) Ubuntu Chromium/34.0.1847.116 Chrome/34.0.1847.116 Safari/537.36"
179.156.139.192 - - [24/Aug/2014:19:40:51 -0400] "GET /eco/wp-includes/images/blank.gif HTTP/1.1" 304 178 "http://vpswp.matheusgimenez.com/eco/wp-admin/edit.php?post_type=listing" "Mozilla/5.0 (X11; Linux x86_64) AppleWebKit/537.36 (KHTML, like Gecko) Ubuntu Chromium/34.0.1847.116 Chrome/34.0.1847.116 Safari/537.36"
179.156.139.192 - - [24/Aug/2014:19:40:51 -0400] "GET /eco/wp-content/themes/shandora1.0/framework/assets/images/bon-icon.png HTTP/1.1" 304 180 "http://vpswp.matheusgimenez.com/eco/wp-admin/edit.php?post_type=listing" "Mozilla/5.0 (X11; Linux x86_64) AppleWebKit/537.36 (KHTML, like Gecko) Ubuntu Chromium/34.0.1847.116 Chrome/34.0.1847.116 Safari/537.36"
::1 - - [24/Aug/2014:19:40:58 -0400] "OPTIONS * HTTP/1.0" 200 125 "-" "Apache/2.4.7 (Ubuntu) PHP/5.5.9-1ubuntu4.3 (internal dummy connection)"
::1 - - [24/Aug/2014:19:40:59 -0400] "OPTIONS * HTTP/1.0" 200 125 "-" "Apache/2.4.7 (Ubuntu) PHP/5.5.9-1ubuntu4.3 (internal dummy connection)"
::1 - - [24/Aug/2014:19:41:00 -0400] "OPTIONS * HTTP/1.0" 200 125 "-" "Apache/2.4.7 (Ubuntu) PHP/5.5.9-1ubuntu4.3 (internal dummy connection)"
179.156.139.192 - - [24/Aug/2014:19:41:07 -0400] "POST /eco/wp-admin/admin-ajax.php HTTP/1.1" 200 591 "http://vpswp.matheusgimenez.com/eco/wp-admin/edit.php?post_type=listing" "Mozilla/5.0 (X11; Linux x86_64) AppleWebKit/537.36 (KHTML, like Gecko) Ubuntu Chromium/34.0.1847.116 Chrome/34.0.1847.116 Safari/537.36"
179.156.139.192 - - [24/Aug/2014:19:41:40 -0400] "POST /eco/wp-admin/admin-ajax.php HTTP/1.1" 200 591 "http://vpswp.matheusgimenez.com/eco/wp-admin/edit.php?post_type=listing" "Mozilla/5.0 (X11; Linux x86_64) AppleWebKit/537.36 (KHTML, like Gecko) Ubuntu Chromium/34.0.1847.116 Chrome/34.0.1847.116 Safari/537.36"
179.156.139.192 - - [24/Aug/2014:19:41:55 -0400] "POST /eco/wp-admin/admin-ajax.php HTTP/1.1" 200 591 "http://vpswp.matheusgimenez.com/eco/wp-admin/edit.php?post_type=listing" "Mozilla/5.0 (X11; Linux x86_64) AppleWebKit/537.36 (KHTML, like Gecko) Ubuntu Chromium/34.0.1847.116 Chrome/34.0.1847.116 Safari/537.36"
179.156.139.192 - - [24/Aug/2014:19:43:55 -0400] "POST /eco/wp-admin/admin-ajax.php HTTP/1.1" 200 591 "http://vpswp.matheusgimenez.com/eco/wp-admin/edit.php?post_type=listing" "Mozilla/5.0 (X11; Linux x86_64) AppleWebKit/537.36 (KHTML, like Gecko) Ubuntu Chromium/34.0.1847.116 Chrome/34.0.1847.116 Safari/537.36"
186.234.16.9 - - [24/Aug/2014:19:44:58 -0400] "POST /eco/?pagseguronotification=true HTTP/1.1" 200 20367 "-" "Jakarta Commons-HttpClient/3.1"
179.156.139.192 - - [24/Aug/2014:19:45:55 -0400] "POST /eco/wp-admin/admin-ajax.php HTTP/1.1" 200 591 "http://vpswp.matheusgimenez.com/eco/wp-admin/edit.php?post_type=listing" "Mozilla/5.0 (X11; Linux x86_64) AppleWebKit/537.36 (KHTML, like Gecko) Ubuntu Chromium/34.0.1847.116 Chrome/34.0.1847.116 Safari/537.36"
179.156.139.192 - - [24/Aug/2014:20:22:41 -0400] "POST /eco/wp-admin/admin-ajax.php HTTP/1.1" 200 591 "http://vpswp.matheusgimenez.com/eco/wp-admin/edit.php?post_type=listing" "Mozilla/5.0 (X11; Linux x86_64) AppleWebKit/537.36 (KHTML, like Gecko) Ubuntu Chromium/34.0.1847.116 Chrome/34.0.1847.116 Safari/537.36"
179.156.139.192 - - [24/Aug/2014:20:22:56 -0400] "POST /eco/wp-admin/admin-ajax.php HTTP/1.1" 200 591 "http://vpswp.matheusgimenez.com/eco/wp-admin/edit.php?post_type=listing" "Mozilla/5.0 (X11; Linux x86_64) AppleWebKit/537.36 (KHTML, like Gecko) Ubuntu Chromium/34.0.1847.116 Chrome/34.0.1847.116 Safari/537.36"
179.156.139.192 - - [24/Aug/2014:20:24:56 -0400] "POST /eco/wp-admin/admin-ajax.php HTTP/1.1" 200 591 "http://vpswp.matheusgimenez.com/eco/wp-admin/edit.php?post_type=listing" "Mozilla/5.0 (X11; Linux x86_64) AppleWebKit/537.36 (KHTML, like Gecko) Ubuntu Chromium/34.0.1847.116 Chrome/34.0.1847.116 Safari/537.36"
74.118.192.246 - - [24/Aug/2014:20:26:56 -0400] "POST /eco/wp-cron.php?doing_wp_cron=1408926416.3801460266113281250000 HTTP/1.0" 200 324 "-" "WordPress/3.9.2; http://vpswp.matheusgimenez.com/eco"
179.156.139.192 - - [24/Aug/2014:20:26:56 -0400] "POST /eco/wp-admin/admin-ajax.php HTTP/1.1" 200 687 "http://vpswp.matheusgimenez.com/eco/wp-admin/edit.php?post_type=listing" "Mozilla/5.0 (X11; Linux x86_64) AppleWebKit/537.36 (KHTML, like Gecko) Ubuntu Chromium/34.0.1847.116 Chrome/34.0.1847.116 Safari/537.36"
179.156.139.192 - - [24/Aug/2014:20:28:56 -0400] "POST /eco/wp-admin/admin-ajax.php HTTP/1.1" 200 591 "http://vpswp.matheusgimenez.com/eco/wp-admin/edit.php?post_type=listing" "Mozilla/5.0 (X11; Linux x86_64) AppleWebKit/537.36 (KHTML, like Gecko) Ubuntu Chromium/34.0.1847.116 Chrome/34.0.1847.116 Safari/537.36"
179.156.139.192 - - [24/Aug/2014:20:30:56 -0400] "POST /eco/wp-admin/admin-ajax.php HTTP/1.1" 200 591 "http://vpswp.matheusgimenez.com/eco/wp-admin/edit.php?post_type=listing" "Mozilla/5.0 (X11; Linux x86_64) AppleWebKit/537.36 (KHTML, like Gecko) Ubuntu Chromium/34.0.1847.116 Chrome/34.0.1847.116 Safari/537.36"
179.156.139.192 - - [24/Aug/2014:20:31:03 -0400] "GET /eco/wp-admin/post-new.php?post_type=listing HTTP/1.1" 200 29142 "http://vpswp.matheusgimenez.com/eco/wp-admin/edit.php?post_type=listing" "Mozilla/5.0 (X11; Linux x86_64) AppleWebKit/537.36 (KHTML, like Gecko) Ubuntu Chromium/34.0.1847.116 Chrome/34.0.1847.116 Safari/537.36"
179.156.139.192 - - [24/Aug/2014:20:31:04 -0400] "GET /eco/wp-content/plugins/reserva_wp/js/admin.js?399747642 HTTP/1.1" 200 2522 "http://vpswp.matheusgimenez.com/eco/wp-admin/post-new.php?post_type=listing" "Mozilla/5.0 (X11; Linux x86_64) AppleWebKit/537.36 (KHTML, like Gecko) Ubuntu Chromium/34.0.1847.116 Chrome/34.0.1847.116 Safari/537.36"
186.234.16.9 - - [24/Aug/2014:20:31:39 -0400] "POST /eco/?pagseguronotification=true HTTP/1.1" 500 291 "-" "Jakarta Commons-HttpClient/3.1"
179.156.139.192 - - [24/Aug/2014:20:31:44 -0400] "GET /eco/wp-admin/edit.php?post_type=listing HTTP/1.1" 200 10282 "http://vpswp.matheusgimenez.com/eco/wp-admin/post-new.php?post_type=listing" "Mozilla/5.0 (X11; Linux x86_64) AppleWebKit/537.36 (KHTML, like Gecko) Ubuntu Chromium/34.0.1847.116 Chrome/34.0.1847.116 Safari/537.36"
179.156.139.192 - - [24/Aug/2014:20:31:44 -0400] "POST /eco/wp-admin/admin-ajax.php HTTP/1.1" 200 536 "http://vpswp.matheusgimenez.com/eco/wp-admin/post-new.php?post_type=listing" "Mozilla/5.0 (X11; Linux x86_64) AppleWebKit/537.36 (KHTML, like Gecko) Ubuntu Chromium/34.0.1847.116 Chrome/34.0.1847.116 Safari/537.36"
179.156.139.192 - - [24/Aug/2014:20:32:00 -0400] "POST /eco/wp-admin/admin-ajax.php HTTP/1.1" 200 591 "http://vpswp.matheusgimenez.com/eco/wp-admin/edit.php?post_type=listing" "Mozilla/5.0 (X11; Linux x86_64) AppleWebKit/537.36 (KHTML, like Gecko) Ubuntu Chromium/34.0.1847.116 Chrome/34.0.1847.116 Safari/537.36"
179.156.139.192 - - [24/Aug/2014:20:32:16 -0400] "POST /eco/wp-admin/admin-ajax.php HTTP/1.1" 200 591 "http://vpswp.matheusgimenez.com/eco/wp-admin/edit.php?post_type=listing" "Mozilla/5.0 (X11; Linux x86_64) AppleWebKit/537.36 (KHTML, like Gecko) Ubuntu Chromium/34.0.1847.116 Chrome/34.0.1847.116 Safari/537.36"
179.156.139.192 - - [24/Aug/2014:20:32:31 -0400] "POST /eco/wp-admin/admin-ajax.php HTTP/1.1" 200 591 "http://vpswp.matheusgimenez.com/eco/wp-admin/edit.php?post_type=listing" "Mozilla/5.0 (X11; Linux x86_64) AppleWebKit/537.36 (KHTML, like Gecko) Ubuntu Chromium/34.0.1847.116 Chrome/34.0.1847.116 Safari/537.36"
179.156.139.192 - - [24/Aug/2014:20:32:46 -0400] "POST /eco/wp-admin/admin-ajax.php HTTP/1.1" 200 591 "http://vpswp.matheusgimenez.com/eco/wp-admin/edit.php?post_type=listing" "Mozilla/5.0 (X11; Linux x86_64) AppleWebKit/537.36 (KHTML, like Gecko) Ubuntu Chromium/34.0.1847.116 Chrome/34.0.1847.116 Safari/537.36"
179.156.139.192 - - [24/Aug/2014:20:33:01 -0400] "POST /eco/wp-admin/admin-ajax.php HTTP/1.1" 200 591 "http://vpswp.matheusgimenez.com/eco/wp-admin/edit.php?post_type=listing" "Mozilla/5.0 (X11; Linux x86_64) AppleWebKit/537.36 (KHTML, like Gecko) Ubuntu Chromium/34.0.1847.116 Chrome/34.0.1847.116 Safari/537.36"
179.156.139.192 - - [24/Aug/2014:20:33:17 -0400] "POST /eco/wp-admin/admin-ajax.php HTTP/1.1" 200 591 "http://vpswp.matheusgimenez.com/eco/wp-admin/edit.php?post_type=listing" "Mozilla/5.0 (X11; Linux x86_64) AppleWebKit/537.36 (KHTML, like Gecko) Ubuntu Chromium/34.0.1847.116 Chrome/34.0.1847.116 Safari/537.36"
179.156.139.192 - - [24/Aug/2014:20:33:32 -0400] "POST /eco/wp-admin/admin-ajax.php HTTP/1.1" 200 591 "http://vpswp.matheusgimenez.com/eco/wp-admin/edit.php?post_type=listing" "Mozilla/5.0 (X11; Linux x86_64) AppleWebKit/537.36 (KHTML, like Gecko) Ubuntu Chromium/34.0.1847.116 Chrome/34.0.1847.116 Safari/537.36"
179.156.139.192 - - [24/Aug/2014:20:33:47 -0400] "POST /eco/wp-admin/admin-ajax.php HTTP/1.1" 200 591 "http://vpswp.matheusgimenez.com/eco/wp-admin/edit.php?post_type=listing" "Mozilla/5.0 (X11; Linux x86_64) AppleWebKit/537.36 (KHTML, like Gecko) Ubuntu Chromium/34.0.1847.116 Chrome/34.0.1847.116 Safari/537.36"
179.156.139.192 - - [24/Aug/2014:20:34:02 -0400] "POST /eco/wp-admin/admin-ajax.php HTTP/1.1" 200 591 "http://vpswp.matheusgimenez.com/eco/wp-admin/edit.php?post_type=listing" "Mozilla/5.0 (X11; Linux x86_64) AppleWebKit/537.36 (KHTML, like Gecko) Ubuntu Chromium/34.0.1847.116 Chrome/34.0.1847.116 Safari/537.36"
179.156.139.192 - - [24/Aug/2014:20:34:18 -0400] "POST /eco/wp-admin/admin-ajax.php HTTP/1.1" 200 591 "http://vpswp.matheusgimenez.com/eco/wp-admin/edit.php?post_type=listing" "Mozilla/5.0 (X11; Linux x86_64) AppleWebKit/537.36 (KHTML, like Gecko) Ubuntu Chromium/34.0.1847.116 Chrome/34.0.1847.116 Safari/537.36"
186.234.16.8 - - [24/Aug/2014:20:34:16 -0400] "POST /eco/?pagseguronotification=true HTTP/1.1" 500 291 "-" "Jakarta Commons-HttpClient/3.1"
179.156.139.192 - - [24/Aug/2014:20:34:33 -0400] "POST /eco/wp-admin/admin-ajax.php HTTP/1.1" 200 591 "http://vpswp.matheusgimenez.com/eco/wp-admin/edit.php?post_type=listing" "Mozilla/5.0 (X11; Linux x86_64) AppleWebKit/537.36 (KHTML, like Gecko) Ubuntu Chromium/34.0.1847.116 Chrome/34.0.1847.116 Safari/537.36"
179.156.139.192 - - [24/Aug/2014:20:34:48 -0400] "POST /eco/wp-admin/admin-ajax.php HTTP/1.1" 200 591 "http://vpswp.matheusgimenez.com/eco/wp-admin/edit.php?post_type=listing" "Mozilla/5.0 (X11; Linux x86_64) AppleWebKit/537.36 (KHTML, like Gecko) Ubuntu Chromium/34.0.1847.116 Chrome/34.0.1847.116 Safari/537.36"
179.156.139.192 - - [24/Aug/2014:20:35:03 -0400] "POST /eco/wp-admin/admin-ajax.php HTTP/1.1" 200 591 "http://vpswp.matheusgimenez.com/eco/wp-admin/edit.php?post_type=listing" "Mozilla/5.0 (X11; Linux x86_64) AppleWebKit/537.36 (KHTML, like Gecko) Ubuntu Chromium/34.0.1847.116 Chrome/34.0.1847.116 Safari/537.36"
179.156.139.192 - - [24/Aug/2014:20:35:18 -0400] "POST /eco/wp-admin/admin-ajax.php HTTP/1.1" 200 591 "http://vpswp.matheusgimenez.com/eco/wp-admin/edit.php?post_type=listing" "Mozilla/5.0 (X11; Linux x86_64) AppleWebKit/537.36 (KHTML, like Gecko) Ubuntu Chromium/34.0.1847.116 Chrome/34.0.1847.116 Safari/537.36"
179.156.139.192 - - [24/Aug/2014:20:35:33 -0400] "POST /eco/wp-admin/admin-ajax.php HTTP/1.1" 200 591 "http://vpswp.matheusgimenez.com/eco/wp-admin/edit.php?post_type=listing" "Mozilla/5.0 (X11; Linux x86_64) AppleWebKit/537.36 (KHTML, like Gecko) Ubuntu Chromium/34.0.1847.116 Chrome/34.0.1847.116 Safari/537.36"
179.156.139.192 - - [24/Aug/2014:20:35:48 -0400] "POST /eco/wp-admin/admin-ajax.php HTTP/1.1" 200 591 "http://vpswp.matheusgimenez.com/eco/wp-admin/edit.php?post_type=listing" "Mozilla/5.0 (X11; Linux x86_64) AppleWebKit/537.36 (KHTML, like Gecko) Ubuntu Chromium/34.0.1847.116 Chrome/34.0.1847.116 Safari/537.36"
